<html>
<body>
<pre>
<h1>礦ision Build Log</h1>
<h2>Tool Versions:</h2>
IDE-Version: μVision V5.17.0.0
Copyright (C) 2015 ARM Ltd and ARM Germany GmbH. All rights reserved.
License Information: 123 123, 123, LIC=14HV2-9URM2-HLDCL-0UMVD-2LW2S-1ACYR
 
Tool Versions:
Toolchain:       MDK-ARM Standard  Version: 5.17
Toolchain Path:  F:\Keil5\ARM\ARMCC\Bin
C Compiler:      Armcc.exe V5.06 update 1 (build 61)
Assembler:       Armasm.exe V5.06 update 1 (build 61)
Linker/Locator:  ArmLink.exe V5.06 update 1 (build 61)
Library Manager: ArmAr.exe V5.06 update 1 (build 61)
Hex Converter:   FromElf.exe V5.06 update 1 (build 61)
CPU DLL:         SARMCM3.DLL V5.17
Dialog DLL:      DCM.DLL V1.13.4.0
Target DLL:      Segger\JL2CM3.dll V2.99.16.0
Dialog DLL:      TCM.DLL V1.14.6.0
 
<h2>Project:</h2>
E:\机器人基地资料\2020调试\小陀螺第一版\3号步兵\Infantry_FreeRTOS_2019\USER\Hero2019.uvprojx
Project File Date:  03/28/2020

<h2>Output:</h2>
*** Using Compiler 'V5.06 update 1 (build 61)', folder: 'F:\Keil5\ARM\ARMCC\Bin'
Rebuild target 'Infatry_V2'
compiling FrictionMoterPWM.c...
compiling system_stm32f4xx.c...
compiling MotorCAN.c...
compiling RemotDbus.c...
compiling BasicPeripherals.c...
compiling stm32f4xx_it.c...
compiling main.c...
compiling spi.c...
compiling stmflash.c...
compiling adc.c...
compiling exit_init.c...
compiling buzzer.c...
compiling MainFocus_Usart.c...
compiling flash.c...
assembling startup_stm32f427_437xx.s...
compiling power_ctrl.c...
compiling timer.c...
compiling sys.c...
compiling misc.c...
compiling delay.c...
compiling usart6.c...
compiling usart.c...
compiling stm32f4xx_dma.c...
compiling stm32f4xx_usart.c...
compiling stm32f4xx_gpio.c...
compiling stm32f4xx_syscfg.c...
compiling stm32f4xx_can.c...
compiling stm32f4xx_rcc.c...
compiling stm32f4xx_tim.c...
compiling heap_4.c...
compiling port.c...
compiling croutine.c...
compiling list.c...
compiling event_groups.c...
compiling stream_buffer.c...
compiling queue.c...
compiling stm32f4xx_spi.c...
compiling stm32f4xx_iwdg.c...
compiling stm32f4xx_exti.c...
compiling stm32f4xx_flash.c...
compiling stm32f4xx_adc.c...
compiling timers.c...
compiling tasks.c...
compiling pid.c...
compiling detect_task.c...
compiling calibrate_task.c...
compiling gimbal_behaviour.c...
compiling INS_task.c...
compiling gimbal_task.c...
..\App\gimbal_task.c(201): warning:  #1295-D: Deprecated declaration getFireMode - give arg types
  extern 	uint8_t getFireMode();
..\App\gimbal_task.c: 1 warning, 0 errors
compiling start_task.c...
compiling circular_buffer.c...
compiling Auto_attackTask.c...
compiling user_lib.c...
compiling chassis_behaviour.c...
compiling Referee_DispatchTask.c...
compiling AHRS_middleware.c...
compiling chassis_task.c...
..\App\chassis_task.c(161): warning:  #177-D: variable "revolve_pid" was declared but never referenced
  		const static fp32 revolve_pid[3]={ CHASSIS_REVOLCE_PID_KP,CHASSIS_REVOLCE_PID_KI,CHASSIS_REVOLCE_PID_KD};
..\App\chassis_task.c(393): warning:  #1035-D: single-precision operand implicitly converted to double-precision
          chassis_move_control->wz_set = 2.5*(-PID_Calc(&chassis_move_control->chassis_angle_pid, chassis_move_control->chassis_yaw_motor->relative_angle, chassis_move_control->chassis_relative_angle_set));
..\App\chassis_task.c(513): warning:  #1035-D: single-precision operand implicitly converted to double-precision
  	error_out = (60.0f - GetPowerBuffer()) * 0.02560;//0.0195f;	
..\App\chassis_task.c: 3 warnings, 0 errors
compiling shoot.c...
compiling ist8310driver.c...
compiling ist8310driver_middleware.c...
compiling mpu6500driver.c...
compiling mpu6500driver_middleware.c...
linking...
Program Size: Code=80596 RO-data=3860 RW-data=676 ZI-data=92612  
FromELF: creating hex file...
"..\OBJ\CAN.axf" - 0 Error(s), 4 Warning(s).

<h2>Collection of Component include folders:</h2>
  E:\机器人基地资料\2020调试\小陀螺第一版\3号步兵\Infantry_FreeRTOS_2019\USER\RTE
  F:\Keil5\ARM\PACK\Keil\STM32F4xx_DFP\2.7.0\Drivers\CMSIS\Device\ST\STM32F4xx\Include

<h2>Collection of Component Files used:</h2>
Build Time Elapsed:  00:00:24
</pre>
</body>
</html>
